This is pdfTeX, Version 3.141592653-2.6-1.40.29 (MiKTeX 26.2) (preloaded format=pdflatex 2026.3.30)  31 MAY 2026 14:20
entering extended mode
 restricted \write18 enabled.
 %&-line parsing enabled.
**./main.tex
(main.tex
LaTeX2e <2025-11-01>
L3 programming layer <2026-01-19>
(C:\Users\bogda\AppData\Local\Programs\MiKTeX\tex/latex/base\report.cls
Document Class: report 2025/01/22 v1.4n Standard LaTeX document class
(C:\Users\bogda\AppData\Local\Programs\MiKTeX\tex/latex/base\size12.clo
File: size12.clo 2025/01/22 v1.4n Standard LaTeX file (size option)
)
\c@part=\count275
\c@chapter=\count276
\c@section=\count277
\c@subsection=\count278
\c@subsubsection=\count279
\c@paragraph=\count280
\c@subparagraph=\count281
\c@figure=\count282
\c@table=\count283
\abovecaptionskip=\skip49
\belowcaptionskip=\skip50
\bibindent=\dimen148
)
(style.sty
(C:\Users\bogda\AppData\Local\Programs\MiKTeX\tex/latex/geometry\geometry.sty
Package: geometry 2026/03/07 v6.0 Page Geometry

(C:\Users\bogda\AppData\Local\Programs\MiKTeX\tex/latex/graphics\keyval.sty
Package: keyval 2022/05/29 v1.15 key=value parser (DPC)
\KV@toks@=\toks17
)
(C:\Users\bogda\AppData\Local\Programs\MiKTeX\tex/generic/iftex\ifvtex.sty
Package: ifvtex 2019/10/25 v1.7 ifvtex legacy package. Use iftex instead.

(C:\Users\bogda\AppData\Local\Programs\MiKTeX\tex/generic/iftex\iftex.sty
Package: iftex 2024/12/12 v1.0g TeX engine tests
))
\Gm@cnth=\count284
\Gm@cntv=\count285
\c@Gm@tempcnt=\count286
\Gm@bindingoffset=\dimen149
\Gm@wd@mp=\dimen150
\Gm@odd@mp=\dimen151
\Gm@even@mp=\dimen152
\Gm@layoutwidth=\dimen153
\Gm@layoutheight=\dimen154
\Gm@layouthoffset=\dimen155
\Gm@layoutvoffset=\dimen156
\Gm@dimlist=\toks18

(C:\Users\bogda\AppData\Local\Programs\MiKTeX\tex/latex/geometry\geometry.cfg))
(C:\Users\bogda\AppData\Local\Programs\MiKTeX\tex/latex/psnfss\palatino.sty
Package: palatino 2020/03/25 PSNFSS-v9.3 (SPQR) 
)
(C:\Users\bogda\AppData\Local\Programs\MiKTeX\tex/latex/setspace\setspace.sty
Package: setspace 2022/12/04 v6.7b set line spacing
)
(C:\Users\bogda\AppData\Local\Programs\MiKTeX\tex/latex/base\inputenc.sty
Package: inputenc 2024/02/08 v1.3d Input encoding file
\inpenc@prehook=\toks19
\inpenc@posthook=\toks20
)
(C:\Users\bogda\AppData\Local\Programs\MiKTeX\tex/latex/graphics\graphicx.sty
Package: graphicx 2024/12/31 v1.2e Enhanced LaTeX Graphics (DPC,SPQR)

(C:\Users\bogda\AppData\Local\Programs\MiKTeX\tex/latex/graphics\graphics.sty
Package: graphics 2024/08/06 v1.4g Standard LaTeX Graphics (DPC,SPQR)

(C:\Users\bogda\AppData\Local\Programs\MiKTeX\tex/latex/graphics\trig.sty
Package: trig 2023/12/02 v1.11 sin cos tan (DPC)
)
(C:\Users\bogda\AppData\Local\Programs\MiKTeX\tex/latex/graphics-cfg\graphics.c
fg
File: graphics.cfg 2016/06/04 v1.11 sample graphics configuration
)
Package graphics Info: Driver file: pdftex.def on input line 106.

(C:\Users\bogda\AppData\Local\Programs\MiKTeX\tex/latex/graphics-def\pdftex.def
File: pdftex.def 2025/09/29 v1.2d Graphics/color driver for pdftex
))
\Gin@req@height=\dimen157
\Gin@req@width=\dimen158
) (C:\Users\bogda\AppData\Local\Programs\MiKTeX\tex/latex/amsmath\amsmath.sty
Package: amsmath 2025/07/09 v2.17z AMS math features
\@mathmargin=\skip51
For additional information on amsmath, use the `?' option.
(C:\Users\bogda\AppData\Local\Programs\MiKTeX\tex/latex/amsmath\amstext.sty
Package: amstext 2024/11/17 v2.01 AMS text

(C:\Users\bogda\AppData\Local\Programs\MiKTeX\tex/latex/amsmath\amsgen.sty
File: amsgen.sty 1999/11/30 v2.0 generic functions
\@emptytoks=\toks21
\ex@=\dimen159
))
(C:\Users\bogda\AppData\Local\Programs\MiKTeX\tex/latex/amsmath\amsbsy.sty
Package: amsbsy 1999/11/29 v1.2d Bold Symbols
\pmbraise@=\dimen160
)
(C:\Users\bogda\AppData\Local\Programs\MiKTeX\tex/latex/amsmath\amsopn.sty
Package: amsopn 2022/04/08 v2.04 operator names
)
\inf@bad=\count287
LaTeX Info: Redefining \frac on input line 233.
\uproot@=\count288
\leftroot@=\count289
LaTeX Info: Redefining \overline on input line 398.
LaTeX Info: Redefining \colon on input line 409.
\classnum@=\count290
\DOTSCASE@=\count291
LaTeX Info: Redefining \ldots on input line 495.
LaTeX Info: Redefining \dots on input line 498.
LaTeX Info: Redefining \cdots on input line 619.
\Mathstrutbox@=\box53
\strutbox@=\box54
LaTeX Info: Redefining \big on input line 721.
LaTeX Info: Redefining \Big on input line 722.
LaTeX Info: Redefining \bigg on input line 723.
LaTeX Info: Redefining \Bigg on input line 724.
\big@size=\dimen161
LaTeX Font Info:    Redeclaring font encoding OML on input line 742.
LaTeX Font Info:    Redeclaring font encoding OMS on input line 743.
\macc@depth=\count292
LaTeX Info: Redefining \bmod on input line 904.
LaTeX Info: Redefining \pmod on input line 909.
LaTeX Info: Redefining \smash on input line 939.
LaTeX Info: Redefining \relbar on input line 969.
LaTeX Info: Redefining \Relbar on input line 970.
\c@MaxMatrixCols=\count293
\dotsspace@=\muskip17
\c@parentequation=\count294
\dspbrk@lvl=\count295
\tag@help=\toks22
\row@=\count296
\column@=\count297
\maxfields@=\count298
\andhelp@=\toks23
\eqnshift@=\dimen162
\alignsep@=\dimen163
\tagshift@=\dimen164
\tagwidth@=\dimen165
\totwidth@=\dimen166
\lineht@=\dimen167
\@envbody=\toks24
\multlinegap=\skip52
\multlinetaggap=\skip53
\mathdisplay@stack=\toks25
LaTeX Info: Redefining \[ on input line 2950.
LaTeX Info: Redefining \] on input line 2951.
)
(C:\Users\bogda\AppData\Local\Programs\MiKTeX\tex/latex/tools\tabularx.sty
Package: tabularx 2023/12/11 v2.12a `tabularx' package (DPC)

(C:\Users\bogda\AppData\Local\Programs\MiKTeX\tex/latex/tools\array.sty
Package: array 2025/09/25 v2.6n Tabular extension package (FMi)
\col@sep=\dimen168
\ar@mcellbox=\box55
\extrarowheight=\dimen169
\NC@list=\toks26
\extratabsurround=\skip54
\backup@length=\skip55
\ar@cellbox=\box56
)
\TX@col@width=\dimen170
\TX@old@table=\dimen171
\TX@old@col=\dimen172
\TX@target=\dimen173
\TX@delta=\dimen174
\TX@cols=\count299
\TX@ftn=\toks27
)
(C:\Users\bogda\AppData\Local\Programs\MiKTeX\tex/latex/makecell\makecell.sty
Package: makecell 2009/08/03 V0.1e Managing of Tab Column Heads and Cells
\rotheadsize=\dimen175
\c@nlinenum=\count300
\TeXr@lab=\toks28
)
(C:\Users\bogda\AppData\Local\Programs\MiKTeX\tex/latex/placeins\placeins.sty
Package: placeins 2005/04/18  v 2.2
)
(C:\Users\bogda\AppData\Local\Programs\MiKTeX\tex/latex/url\url.sty
\Urlmuskip=\muskip18
Package: url 2013/09/16  ver 3.4  Verb mode for urls, etc.
)
(C:\Users\bogda\AppData\Local\Programs\MiKTeX\tex/latex/tocbibind\tocbibind.sty
Package: tocbibind 2010/10/13 v1.5k extra ToC listings
Package tocbibind Info: The document has chapter divisions on input line 50.

Package tocbibind Note: Using chapter style headings, unless overridden.

) (C:\Users\bogda\AppData\Local\Programs\MiKTeX\tex/latex/hyperref\hyperref.sty
Package: hyperref 2026-01-29 v7.01p Hypertext links for LaTeX

(C:\Users\bogda\AppData\Local\Programs\MiKTeX\tex/latex/kvsetkeys\kvsetkeys.sty
Package: kvsetkeys 2022-10-05 v1.19 Key value parser (HO)
)
(C:\Users\bogda\AppData\Local\Programs\MiKTeX\tex/generic/kvdefinekeys\kvdefine
keys.sty
Package: kvdefinekeys 2019-12-19 v1.6 Define keys (HO)
)
(C:\Users\bogda\AppData\Local\Programs\MiKTeX\tex/generic/pdfescape\pdfescape.s
ty
Package: pdfescape 2019/12/09 v1.15 Implements pdfTeX's escape features (HO)

(C:\Users\bogda\AppData\Local\Programs\MiKTeX\tex/generic/ltxcmds\ltxcmds.sty
Package: ltxcmds 2023-12-04 v1.26 LaTeX kernel commands for general use (HO)
)
(C:\Users\bogda\AppData\Local\Programs\MiKTeX\tex/generic/pdftexcmds\pdftexcmds
.sty
Package: pdftexcmds 2020-06-27 v0.33 Utility functions of pdfTeX for LuaTeX (HO
)

(C:\Users\bogda\AppData\Local\Programs\MiKTeX\tex/generic/infwarerr\infwarerr.s
ty
Package: infwarerr 2019/12/03 v1.5 Providing info/warning/error messages (HO)
)
Package pdftexcmds Info: \pdf@primitive is available.
Package pdftexcmds Info: \pdf@ifprimitive is available.
Package pdftexcmds Info: \pdfdraftmode found.
))
(C:\Users\bogda\AppData\Local\Programs\MiKTeX\tex/latex/hycolor\hycolor.sty
Package: hycolor 2020-01-27 v1.10 Color options for hyperref/bookmark (HO)
)
(C:\Users\bogda\AppData\Local\Programs\MiKTeX\tex/latex/hyperref\nameref.sty
Package: nameref 2026-01-29 v2.58 Cross-referencing by name of section

(C:\Users\bogda\AppData\Local\Programs\MiKTeX\tex/latex/refcount\refcount.sty
Package: refcount 2019/12/15 v3.6 Data extraction from label references (HO)
)
(C:\Users\bogda\AppData\Local\Programs\MiKTeX\tex/generic/gettitlestring\gettit
lestring.sty
Package: gettitlestring 2019/12/15 v1.6 Cleanup title references (HO)

(C:\Users\bogda\AppData\Local\Programs\MiKTeX\tex/latex/kvoptions\kvoptions.sty
Package: kvoptions 2022-06-15 v3.15 Key value format for package options (HO)
))
\c@section@level=\count301
)
(C:\Users\bogda\AppData\Local\Programs\MiKTeX\tex/latex/etoolbox\etoolbox.sty
Package: etoolbox 2025/10/02 v2.5m e-TeX tools for LaTeX (JAW)
\etb@tempcnta=\count302
)
(C:\Users\bogda\AppData\Local\Programs\MiKTeX\tex/generic/stringenc\stringenc.s
ty
Package: stringenc 2019/11/29 v1.12 Convert strings between diff. encodings (HO
)
)
\@linkdim=\dimen176
\Hy@linkcounter=\count303
\Hy@pagecounter=\count304
 (C:\Users\bogda\AppData\Local\Programs\MiKTeX\tex/latex/hyperref\pd1enc.def
File: pd1enc.def 2026-01-29 v7.01p Hyperref: PDFDocEncoding definition (HO)
Now handling font encoding PD1 ...
... no UTF-8 mapping file for font encoding PD1
) (C:\Users\bogda\AppData\Local\Programs\MiKTeX\tex/generic/intcalc\intcalc.sty
Package: intcalc 2019/12/15 v1.3 Expandable calculations with integers (HO)
)
\Hy@SavedSpaceFactor=\count305
 (C:\Users\bogda\AppData\Local\Programs\MiKTeX\tex/latex/hyperref\puenc.def
File: puenc.def 2026-01-29 v7.01p Hyperref: PDF Unicode definition (HO)
Now handling font encoding PU ...
... no UTF-8 mapping file for font encoding PU
)
Package hyperref Info: Option `unicode' set `true' on input line 4072.
Package hyperref Info: Hyper figures OFF on input line 4201.
Package hyperref Info: Link nesting OFF on input line 4206.
Package hyperref Info: Hyper index ON on input line 4209.
Package hyperref Info: Plain pages OFF on input line 4216.
Package hyperref Info: Backreferencing OFF on input line 4221.
Package hyperref Info: Implicit mode ON; LaTeX internals redefined.
Package hyperref Info: Bookmarks ON on input line 4468.
\c@Hy@tempcnt=\count306
LaTeX Info: Redefining \url on input line 4807.
\XeTeXLinkMargin=\dimen177

(C:\Users\bogda\AppData\Local\Programs\MiKTeX\tex/generic/bitset\bitset.sty
Package: bitset 2019/12/09 v1.3 Handle bit-vector datatype (HO)

(C:\Users\bogda\AppData\Local\Programs\MiKTeX\tex/generic/bigintcalc\bigintcalc
.sty
Package: bigintcalc 2019/12/15 v1.5 Expandable calculations on big integers (HO
)
))
\Fld@menulength=\count307
\Field@Width=\dimen178
\Fld@charsize=\dimen179
Package hyperref Info: Hyper figures OFF on input line 6084.
Package hyperref Info: Link nesting OFF on input line 6089.
Package hyperref Info: Hyper index ON on input line 6092.
Package hyperref Info: backreferencing OFF on input line 6099.
Package hyperref Info: Link coloring OFF on input line 6104.
Package hyperref Info: Link coloring with OCG OFF on input line 6109.
Package hyperref Info: PDF/A mode OFF on input line 6114.
\Hy@abspage=\count308
\c@Item=\count309
\c@Hfootnote=\count310
)
Package hyperref Info: Driver (autodetected): hpdftex.

(C:\Users\bogda\AppData\Local\Programs\MiKTeX\tex/latex/hyperref\hpdftex.def
File: hpdftex.def 2026-01-29 v7.01p Hyperref driver for pdfTeX
\Fld@listcount=\count311
\c@bookmark@seq@number=\count312

(C:\Users\bogda\AppData\Local\Programs\MiKTeX\tex/latex/rerunfilecheck\rerunfil
echeck.sty
Package: rerunfilecheck 2025-06-21 v1.11 Rerun checks for auxiliary files (HO)

(C:\Users\bogda\AppData\Local\Programs\MiKTeX\tex/generic/uniquecounter\uniquec
ounter.sty
Package: uniquecounter 2019/12/15 v1.4 Provide unlimited unique counter (HO)
)
Package uniquecounter Info: New unique counter `rerunfilecheck' on input line 2
84.
)
\Hy@SectionHShift=\skip56
)
(C:\Users\bogda\AppData\Local\Programs\MiKTeX\tex/latex/base\ifthen.sty
Package: ifthen 2024/03/16 v1.1e Standard LaTeX ifthen package (DPC)
)
(C:\Users\bogda\AppData\Local\Programs\MiKTeX\tex/latex/xcolor\xcolor.sty
Package: xcolor 2024/09/29 v3.02 LaTeX color extensions (UK)

(C:\Users\bogda\AppData\Local\Programs\MiKTeX\tex/latex/graphics-cfg\color.cfg
File: color.cfg 2016/01/02 v1.6 sample color configuration
)
Package xcolor Info: Driver file: pdftex.def on input line 274.
(C:\Users\bogda\AppData\Local\Programs\MiKTeX\tex/latex/graphics\mathcolor.ltx)
Package xcolor Info: Model `cmy' substituted by `cmy0' on input line 1349.
Package xcolor Info: Model `hsb' substituted by `rgb' on input line 1353.
Package xcolor Info: Model `RGB' extended on input line 1365.
Package xcolor Info: Model `HTML' substituted by `rgb' on input line 1367.
Package xcolor Info: Model `Hsb' substituted by `hsb' on input line 1368.
Package xcolor Info: Model `tHsb' substituted by `hsb' on input line 1369.
Package xcolor Info: Model `HSB' substituted by `hsb' on input line 1370.
Package xcolor Info: Model `Gray' substituted by `gray' on input line 1371.
Package xcolor Info: Model `wave' substituted by `hsb' on input line 1372.
) (C:\Users\bogda\AppData\Local\Programs\MiKTeX\tex/latex/listings\listings.sty
\lst@mode=\count313
\lst@gtempboxa=\box57
\lst@token=\toks29
\lst@length=\count314
\lst@currlwidth=\dimen180
\lst@column=\count315
\lst@pos=\count316
\lst@lostspace=\dimen181
\lst@width=\dimen182
\lst@newlines=\count317
\lst@lineno=\count318
\lst@maxwidth=\dimen183
(C:\Users\bogda\AppData\Local\Programs\MiKTeX\tex/latex/listings\lstpatch.sty
File: lstpatch.sty 2025/11/14 1.11b (Carsten Heinz)
)
(C:\Users\bogda\AppData\Local\Programs\MiKTeX\tex/latex/listings\lstmisc.sty
File: lstmisc.sty 2025/11/14 1.11b (Carsten Heinz)
\c@lstnumber=\count319
\lst@skipnumbers=\count320
\lst@framebox=\box58
)
(C:\Users\bogda\AppData\Local\Programs\MiKTeX\tex/latex/listings\listings.cfg
File: listings.cfg 2025/11/14 1.11b listings configuration
))
Package: listings 2025/11/14 1.11b (Carsten Heinz)
==> First Aid for listings.sty no longer applied!
    Expected:
        2024/09/23 1.10c (Carsten Heinz)
    but found:
        2025/11/14 1.11b (Carsten Heinz)
    so I'm assuming it got fixed.
(C:\Users\bogda\AppData\Local\Programs\MiKTeX\tex/latex/enumitem\enumitem.sty
Package: enumitem 2025/02/06 v3.11 Customized lists
\labelindent=\skip57
\enit@outerparindent=\dimen184
\enit@toks=\toks30
\enit@inbox=\box59
\enit@count@id=\count321
\enitdp@description=\count322
)
(C:\Users\bogda\AppData\Local\Programs\MiKTeX\tex/generic/babel\babel.sty
Package: babel 2026/03/24 v26.5 The multilingual framework for LuaLaTeX, pdfLaT
eX and XeLaTeX
\babel@savecnt=\count323
LaTeX Encoding Info:    Redeclaring text command \ij (encoding OT1) on input li
ne 2078.
LaTeX Encoding Info:    Redeclaring text command \IJ (encoding OT1) on input li
ne 2080.
LaTeX Encoding Info:    Redeclaring text command \ij (encoding T1) on input lin
e 2082.
LaTeX Encoding Info:    Redeclaring text command \IJ (encoding T1) on input lin
e 2083.
LaTeX Encoding Info:    Ignoring declaration for text command \ij (encoding ?) 
on input line 2084.
LaTeX Encoding Info:    Ignoring declaration for text command \IJ (encoding ?) 
on input line 2086.
LaTeX Encoding Info:    Ignoring declaration for text command \SS (encoding ?) 
on input line 2111.
\U@D=\dimen185
\l@unhyphenated=\language79

(C:\Users\bogda\AppData\Local\Programs\MiKTeX\tex/generic/babel\txtbabel.def)
\bbl@readstream=\read2
\bbl@dirlevel=\count324
Package babel Info: Configuration files are deprecated, as
(babel)             they can break document portability.
(babel)             Reported on input line 4206.

*************************************
* Local config file bblopts.cfg used
*
(C:\Users\bogda\AppData\Local\Programs\MiKTeX\tex/latex/arabi\bblopts.cfg
File: bblopts.cfg 2005/09/08 v0.1 add Arabic and Farsi to "declared" options of
 babel
)
(C:\Users\bogda\AppData\Local\Programs\MiKTeX\tex/generic/babel/locale/en\babel
-english.tex)
Package babel Info: Importing font and identification data for english
(babel)             from babel-en.ini. Reported on input line 4330.

(C:\Users\bogda\AppData\Local\Programs\MiKTeX\tex/latex/babel-english\english.l
df
Language: english 2017/06/06 v3.3r English support from the babel system
Package babel Info: Hyphen rules for 'canadian' set to \l@english
(babel)             (\language0). Reported on input line 102.
Package babel Info: Hyphen rules for 'australian' set to \l@ukenglish
(babel)             (\language73). Reported on input line 105.
Package babel Info: Hyphen rules for 'newzealand' set to \l@ukenglish
(babel)             (\language73). Reported on input line 108.
)))
(C:\Users\bogda\AppData\Local\Programs\MiKTeX\tex/latex/fancyhdr\fancyhdr.sty
Package: fancyhdr 2025/02/07 v5.2 Extensive control of page headers and footers

\f@nch@headwidth=\skip58
\f@nch@offset@elh=\skip59
\f@nch@offset@erh=\skip60
\f@nch@offset@olh=\skip61
\f@nch@offset@orh=\skip62
\f@nch@offset@elf=\skip63
\f@nch@offset@erf=\skip64
\f@nch@offset@olf=\skip65
\f@nch@offset@orf=\skip66
\f@nch@height=\skip67
\f@nch@footalignment=\skip68
\f@nch@widthL=\skip69
\f@nch@widthC=\skip70
\f@nch@widthR=\skip71
\@temptokenb=\toks31
)
LaTeX Font Info:    Trying to load font information for OT1+ppl on input line 1
8.

(C:\Users\bogda\AppData\Local\Programs\MiKTeX\tex/latex/psnfss\ot1ppl.fd
File: ot1ppl.fd 2001/06/04 font definitions for OT1/ppl.
)
(C:\Users\bogda\AppData\Local\Programs\MiKTeX\tex/latex/l3backend\l3backend-pdf
tex.def
File: l3backend-pdftex.def 2025-10-09 L3 backend support: PDF output (pdfTeX)
\l__color_backend_stack_int=\count325
) (main.aux)
\openout1 = `main.aux'.

LaTeX Font Info:    Checking defaults for OML/cmm/m/it on input line 18.
LaTeX Font Info:    ... okay on input line 18.
LaTeX Font Info:    Checking defaults for OMS/cmsy/m/n on input line 18.
LaTeX Font Info:    ... okay on input line 18.
LaTeX Font Info:    Checking defaults for OT1/cmr/m/n on input line 18.
LaTeX Font Info:    ... okay on input line 18.
LaTeX Font Info:    Checking defaults for T1/cmr/m/n on input line 18.
LaTeX Font Info:    ... okay on input line 18.
LaTeX Font Info:    Checking defaults for TS1/cmr/m/n on input line 18.
LaTeX Font Info:    ... okay on input line 18.
LaTeX Font Info:    Checking defaults for OMX/cmex/m/n on input line 18.
LaTeX Font Info:    ... okay on input line 18.
LaTeX Font Info:    Checking defaults for U/cmr/m/n on input line 18.
LaTeX Font Info:    ... okay on input line 18.
LaTeX Font Info:    Checking defaults for PD1/pdf/m/n on input line 18.
LaTeX Font Info:    ... okay on input line 18.
LaTeX Font Info:    Checking defaults for PU/pdf/m/n on input line 18.
LaTeX Font Info:    ... okay on input line 18.

*geometry* driver: auto-detecting
*geometry* detected driver: pdftex
*geometry* verbose mode - [ preamble ] result:
* driver: pdftex
* paper: a4paper
* layout: <same size as paper>
* layoutoffset:(h,v)=(0.0pt,0.0pt)
* modes: 
* h-part:(L,W,R)=(85.35826pt, 441.01773pt, 71.13188pt)
* v-part:(T,H,B)=(71.13188pt, 702.78308pt, 71.13188pt)
* \paperwidth=597.50787pt
* \paperheight=845.04684pt
* \textwidth=441.01773pt
* \textheight=702.78308pt
* \oddsidemargin=13.08827pt
* \evensidemargin=13.08827pt
* \topmargin=-38.1381pt
* \headheight=12.0pt
* \headsep=25.0pt
* \topskip=12.0pt
* \footskip=30.0pt
* \marginparwidth=44.0pt
* \marginparsep=10.0pt
* \columnsep=10.0pt
* \skip\footins=10.8pt plus 4.0pt minus 2.0pt
* \hoffset=0.0pt
* \voffset=0.0pt
* \mag=1000
* \@twocolumnfalse
* \@twosidefalse
* \@mparswitchfalse
* \@reversemarginfalse
* (1in=72.27pt=25.4mm, 1cm=28.453pt)


(C:\Users\bogda\AppData\Local\Programs\MiKTeX\tex/context/base/mkii\supp-pdf.mk
ii
[Loading MPS to PDF converter (version 2006.09.02).]
\scratchcounter=\count326
\scratchdimen=\dimen186
\scratchbox=\box60
\nofMPsegments=\count327
\nofMParguments=\count328
\everyMPshowfont=\toks32
\MPscratchCnt=\count329
\MPscratchDim=\dimen187
\MPnumerator=\count330
\makeMPintoPDFobject=\count331
\everyMPtoPDFconversion=\toks33
)
(C:\Users\bogda\AppData\Local\Programs\MiKTeX\tex/latex/epstopdf-pkg\epstopdf-b
ase.sty
Package: epstopdf-base 2020-01-24 v2.11 Base part for package epstopdf
Package epstopdf-base Info: Redefining graphics rule for `.eps' on input line 4
85.

(C:\Users\bogda\AppData\Local\Programs\MiKTeX\tex/latex/00miktex\epstopdf-sys.c
fg
File: epstopdf-sys.cfg 2021/03/18 v2.0 Configuration of epstopdf for MiKTeX
))
Package hyperref Info: Link coloring OFF on input line 18.
 (main.out) (main.out)
\@outlinefile=\write3
\openout3 = `main.out'.

\c@lstlisting=\count332
 [1

{C:/Users/bogda/AppData/Local/MiKTeX/fonts/map/pdftex/pdftex.map}{C:/Users/bogd
a/AppData/Local/Programs/MiKTeX/fonts/enc/dvips/base/8r.enc}]
pdfTeX warning (ext4): destination with the same identifier (name{page.1}) has 
been already used, duplicate ignored
<to be read again> 
                   \relax 
l.31 \newpage
              [1]
Overfull \hbox (0.66914pt too wide) in paragraph at lines 40--41
[]\OT1/ppl/m/n/12 NEST im-ple-ments a de-cou-pled Client-Server ar-chi-tec-ture
. The pre-sen-ta-tion layer
 []


Overfull \hbox (7.47731pt too wide) in paragraph at lines 42--43
\OT1/ppl/m/n/12 Sys-tem-atic test-ing and ver-i-fi-ca-tion con-firm zero com-pi
-la-tion er-rors, full cross-browser
 []


Package fancyhdr Warning: \headheight is too small (12.0pt): 
(fancyhdr)                Make it at least 14.49998pt, for example:
(fancyhdr)                \setlength{\headheight}{14.49998pt}.
(fancyhdr)                You might also make \topmargin smaller:
(fancyhdr)                \addtolength{\topmargin}{-2.49998pt}.

[1

] (main.toc [2

])
\tf@toc=\write4
\openout4 = `main.toc'.



Package fancyhdr Warning: \headheight is too small (12.0pt): 
(fancyhdr)                Make it at least 14.49998pt, for example:
(fancyhdr)                \setlength{\headheight}{14.49998pt}.
(fancyhdr)                You might also make \topmargin smaller:
(fancyhdr)                \addtolength{\topmargin}{-2.49998pt}.

[3] (chapters/chapter1_introduction.tex
Chapter 1.
LaTeX Font Info:    Trying to load font information for TS1+ppl on input line 1
4.
(C:\Users\bogda\AppData\Local\Programs\MiKTeX\tex/latex/psnfss\ts1ppl.fd
File: ts1ppl.fd 2001/06/04 font definitions for TS1/ppl.
)
pdfTeX warning (ext4): destination with the same identifier (name{page.1}) has 
been already used, duplicate ignored
<to be read again> 
                   \relax 
l.15     \item \textbf
                      {Informal Group Chat Chaos:} Instant messaging channel...
[1

]
Overfull \hbox (8.89246pt too wide) in paragraph at lines 29--30
[]\OT1/ppl/b/n/12 Physical Or-ga-niz-ing: \OT1/ppl/m/n/12 Sup-ports the Events 
mod-ule to fa-cil-i-tate real-world neigh-
 []


Package fancyhdr Warning: \headheight is too small (12.0pt): 
(fancyhdr)                Make it at least 14.49998pt, for example:
(fancyhdr)                \setlength{\headheight}{14.49998pt}.
(fancyhdr)                You might also make \topmargin smaller:
(fancyhdr)                \addtolength{\topmargin}{-2.49998pt}.

[2]
Overfull \hbox (5.86913pt too wide) in paragraph at lines 47--48
[]\OT1/ppl/b/n/12 Facade-Signals Re-ac-tive Ar-chi-tec-ture: \OT1/ppl/m/n/12 De
-vel-oped a state ar-chi-tec-ture that com-
 []


Overfull \hbox (3.15749pt too wide) in paragraph at lines 49--50
[]\OT1/ppl/b/n/12 Secure Multi-Stage Ver-i-fi-ca-tion Flow: \OT1/ppl/m/n/12 De-
vel-oped a rout-ing and se-cu-rity guard
 []


Package fancyhdr Warning: \headheight is too small (12.0pt): 
(fancyhdr)                Make it at least 14.49998pt, for example:
(fancyhdr)                \setlength{\headheight}{14.49998pt}.
(fancyhdr)                You might also make \topmargin smaller:
(fancyhdr)                \addtolength{\topmargin}{-2.49998pt}.

[3]
Overfull \hbox (6.3615pt too wide) in paragraph at lines 58--59
[]\OT1/ppl/b/n/12 Chapter 4 (Im-ple-men-ta-tion De-tails): \OT1/ppl/m/n/12 Dis-
cusses the code-base, com-po-nent struc-
 []

LaTeX Font Info:    Trying to load font information for OT1+pcr on input line 6
9.
(C:\Users\bogda\AppData\Local\Programs\MiKTeX\tex/latex/psnfss\ot1pcr.fd
File: ot1pcr.fd 2001/06/04 font definitions for OT1/pcr.
))
(chapters/chapter2.tex

Package fancyhdr Warning: \headheight is too small (12.0pt): 
(fancyhdr)                Make it at least 14.49998pt, for example:
(fancyhdr)                \setlength{\headheight}{14.49998pt}.
(fancyhdr)                You might also make \topmargin smaller:
(fancyhdr)                \addtolength{\topmargin}{-2.49998pt}.

[4]
Chapter 2.

Overfull \hbox (16.77715pt too wide) in paragraph at lines 8--9
\OT1/ppl/m/n/12 mance char-ac-ter-is-tics, main-tain-abil-ity, and user ex-pe-r
i-ence. Three dom-i-nant paradigms
 []

[5

]
Overfull \hbox (15.4538pt too wide) in paragraph at lines 18--19
[]\OT1/ppl/m/n/12 The client-server com-mu-ni-ca-tion fol-lows the Rep-re-sen-t
a-tional State Trans-fer (REST)
 []


Underfull \hbox (badness 5403) in paragraph at lines 38--38
[]|\OT1/ppl/m/n/10.95 Library (view layer
 []


Underfull \hbox (badness 10000) in paragraph at lines 38--38
[]|\OT1/ppl/m/n/10.95 Progressive frame-
 []


Underfull \hbox (badness 10000) in paragraph at lines 38--38
[]|\OT1/ppl/m/n/10.95 Full opin-ion-ated
 []


Underfull \hbox (badness 6252) in paragraph at lines 38--38
[]|\OT1/ppl/m/n/10.95 SFCs (JavaScript or
 []


Underfull \hbox (badness 10000) in paragraph at lines 38--38
[]|\OT1/ppl/m/n/10.95 TypeScript (manda-
 []


Underfull \hbox (badness 10000) in paragraph at lines 38--38
[]|\OT1/ppl/m/n/10.95 Third-party (Re-act
 []


Underfull \hbox (badness 10000) in paragraph at lines 38--38
[]|\OT1/ppl/m/n/10.95 Built-in An-gu-lar
 []


Underfull \hbox (badness 2103) in paragraph at lines 38--38
[]|\OT1/ppl/m/n/10.95 Third-party (Formik,
 []


Underfull \hbox (badness 10000) in paragraph at lines 38--38
[]|\OT1/ppl/m/n/10.95 Built-in Re-ac-tive
 []


Package fancyhdr Warning: \headheight is too small (12.0pt): 
(fancyhdr)                Make it at least 14.49998pt, for example:
(fancyhdr)                \setlength{\headheight}{14.49998pt}.
(fancyhdr)                You might also make \topmargin smaller:
(fancyhdr)                \addtolength{\topmargin}{-2.49998pt}.

[6]
Overfull \hbox (0.95035pt too wide) in paragraph at lines 47--48
\OT1/ppl/m/n/12 Historically, An-gu-lar or-ga-nized com-po-nents into \OT1/pcr/
m/n/12 NgModules\OT1/ppl/m/n/12 , which served as com-
 []


Package fancyhdr Warning: \headheight is too small (12.0pt): 
(fancyhdr)                Make it at least 14.49998pt, for example:
(fancyhdr)                \setlength{\headheight}{14.49998pt}.
(fancyhdr)                You might also make \topmargin smaller:
(fancyhdr)                \addtolength{\topmargin}{-2.49998pt}.

[7]
Overfull \hbox (3.4947pt too wide) in paragraph at lines 80--81
[]\OT1/pcr/m/n/12 input() \OT1/ppl/m/n/12 and \OT1/pcr/m/n/12 output() \OT1/ppl
/m/n/12 ,  signal-based re-place-ments for the older \OT1/pcr/m/n/12 @Input()
 []


Overfull \hbox (1.15443pt too wide) in paragraph at lines 84--85
\OT1/ppl/m/n/12 pos-si-ble be-cause NgRx it-self ex-poses its store as a sig-na
l through \OT1/pcr/m/n/12 selectSignal()\OT1/ppl/m/n/12 . 
 []


Package fancyhdr Warning: \headheight is too small (12.0pt): 
(fancyhdr)                Make it at least 14.49998pt, for example:
(fancyhdr)                \setlength{\headheight}{14.49998pt}.
(fancyhdr)                You might also make \topmargin smaller:
(fancyhdr)                \addtolength{\topmargin}{-2.49998pt}.

[8]
LaTeX Font Info:    Trying to load font information for OMS+pcr on input line 9
0.
 (C:\Users\bogda\AppData\Local\Programs\MiKTeX\tex/latex/psnfss\omspcr.fd
File: omspcr.fd 
)
LaTeX Font Info:    Font shape `OMS/pcr/m/n' in size <12> not available
(Font)              Font shape `OMS/cmsy/m/n' tried instead on input line 90.

Overfull \hbox (43.87201pt too wide) in paragraph at lines 90--91
[]\OT1/ppl/m/n/12 For ex-am-ple, rather than hav-ing a com-po-nent dis-patch \O
T1/pcr/m/n/12 AuthActions.login(\OMS/cmsy/m/n/12 f\OT1/pcr/m/n/12 email,
 []


Overfull \hbox (2.7755pt too wide) in paragraph at lines 96--97
\OT1/ppl/m/n/12 clared with \OT1/pcr/m/n/12 providedIn: 'root' \OT1/ppl/m/n/12 
are in-stan-ti-ated ex-actly once and shared across
 []


Package fancyhdr Warning: \headheight is too small (12.0pt): 
(fancyhdr)                Make it at least 14.49998pt, for example:
(fancyhdr)                \setlength{\headheight}{14.49998pt}.
(fancyhdr)                You might also make \topmargin smaller:
(fancyhdr)                \addtolength{\topmargin}{-2.49998pt}.

[9]
Overfull \hbox (74.00206pt too wide) in paragraph at lines 119--120
[]\OT1/ppl/m/n/12 Node.js was cho-sen as the run-time be-cause it shares the sa
me lan-guage (JavaScript/TypeScript)
 []


Package fancyhdr Warning: \headheight is too small (12.0pt): 
(fancyhdr)                Make it at least 14.49998pt, for example:
(fancyhdr)                \setlength{\headheight}{14.49998pt}.
(fancyhdr)                You might also make \topmargin smaller:
(fancyhdr)                \addtolength{\topmargin}{-2.49998pt}.

[10]
Overfull \hbox (2.97571pt too wide) in paragraph at lines 141--142
\OT1/ppl/m/n/12 and se-cu-rity risks (SQL in-jec-tion). Object-Relational Map-p
ing (ORM) li-braries bridge
 []


Overfull \hbox (17.60428pt too wide) in paragraph at lines 149--150
\OT1/ppl/m/n/12 A com-mon over-sight in fron-tend de-vel-op-ment is treat-ing s
tylesheets as an af-terthought.
 []


Package fancyhdr Warning: \headheight is too small (12.0pt): 
(fancyhdr)                Make it at least 14.49998pt, for example:
(fancyhdr)                \setlength{\headheight}{14.49998pt}.
(fancyhdr)                You might also make \topmargin smaller:
(fancyhdr)                \addtolength{\topmargin}{-2.49998pt}.

[11]) (chapters/chapter3.tex

Package fancyhdr Warning: \headheight is too small (12.0pt): 
(fancyhdr)                Make it at least 14.49998pt, for example:
(fancyhdr)                \setlength{\headheight}{14.49998pt}.
(fancyhdr)                You might also make \topmargin smaller:
(fancyhdr)                \addtolength{\topmargin}{-2.49998pt}.

[12]
Chapter 3.

Overfull \hbox (0.45738pt too wide) in paragraph at lines 11--12
[]\OT1/ppl/b/n/12 Presentation Tier (Fron-tend Client): \OT1/ppl/m/n/12 Built u
s-ing the An-gu-lar frame-work (v21),
 []


Overfull \hbox (14.1244pt too wide) in paragraph at lines 11--12
\OT1/ppl/m/n/12 side view state via re-ac-tive sig-nals, and rout-ing. It com-m
u-ni-cates asyn-chronously
 []


Overfull \hbox (8.02869pt too wide) in paragraph at lines 13--14
\OT1/ppl/m/n/12 han-dled by an SQLite database, ab-stracted through the Prisma 
Object-Relational
 []


Overfull \hbox (1.12769pt too wide) in paragraph at lines 13--14
\OT1/ppl/m/n/12 Map-ping (ORM) en-gine. Prisma de-liv-ers compile-time type saf
ety for database
 []

[13

]
Overfull \hbox (12.81607pt too wide) in paragraph at lines 79--79
[]|\OT1/ppl/b/n/10.95 Authentication|  
 []


Overfull \hbox (1.80109pt too wide) in paragraph at lines 85--86
\OT1/ppl/m/n/12 Non-functional re-quire-ments dic-tate the per-for-mance bound-
aries, op-er-a-tional safety
 []


Package fancyhdr Warning: \headheight is too small (12.0pt): 
(fancyhdr)                Make it at least 14.49998pt, for example:
(fancyhdr)                \setlength{\headheight}{14.49998pt}.
(fancyhdr)                You might also make \topmargin smaller:
(fancyhdr)                \addtolength{\topmargin}{-2.49998pt}.

[14]

Package fancyhdr Warning: \headheight is too small (12.0pt): 
(fancyhdr)                Make it at least 14.49998pt, for example:
(fancyhdr)                \setlength{\headheight}{14.49998pt}.
(fancyhdr)                You might also make \topmargin smaller:
(fancyhdr)                \addtolength{\topmargin}{-2.49998pt}.

[15]

Package fancyhdr Warning: \headheight is too small (12.0pt): 
(fancyhdr)                Make it at least 14.49998pt, for example:
(fancyhdr)                \setlength{\headheight}{14.49998pt}.
(fancyhdr)                You might also make \topmargin smaller:
(fancyhdr)                \addtolength{\topmargin}{-2.49998pt}.

[16]
Overfull \hbox (1.86017pt too wide) in paragraph at lines 119--120
[]\OT1/ppl/b/n/12 Resident (Ver-i-fied User): \OT1/ppl/m/n/12 A logged-in res-i
-dent as-so-ci-ated with a ver-i-fied build-
 []


Package fancyhdr Warning: \headheight is too small (12.0pt): 
(fancyhdr)                Make it at least 14.49998pt, for example:
(fancyhdr)                \setlength{\headheight}{14.49998pt}.
(fancyhdr)                You might also make \topmargin smaller:
(fancyhdr)                \addtolength{\topmargin}{-2.49998pt}.

[17]
Overfull \hbox (2.65376pt too wide) in paragraph at lines 136--137
[]\OT1/ppl/m/n/12 The user in-puts the al-phanu-meric block code cor-re-spond-i
ng to their build-
 []


Package fancyhdr Warning: \headheight is too small (12.0pt): 
(fancyhdr)                Make it at least 14.49998pt, for example:
(fancyhdr)                \setlength{\headheight}{14.49998pt}.
(fancyhdr)                You might also make \topmargin smaller:
(fancyhdr)                \addtolength{\topmargin}{-2.49998pt}.

[18]
Overfull \hbox (5.95566pt too wide) in paragraph at lines 187--188
[]\OT1/ppl/m/n/12 The sys-tem cre-ates a \OT1/pcr/m/n/12 ParkingAnnouncement \O
T1/ppl/m/n/12 en-tity linked to the owner's
 []


Package fancyhdr Warning: \headheight is too small (12.0pt): 
(fancyhdr)                Make it at least 14.49998pt, for example:
(fancyhdr)                \setlength{\headheight}{14.49998pt}.
(fancyhdr)                You might also make \topmargin smaller:
(fancyhdr)                \addtolength{\topmargin}{-2.49998pt}.

[19]
Overfull \hbox (32.25768pt too wide) in paragraph at lines 198--199
[]\OT1/ppl/b/n/12 Core Layer (\OT1/pcr/b/n/12 /core\OT1/ppl/b/n/12 ): \OT1/ppl/
m/n/12 De-clares system-wide sin-gle-tons, se-cu-rity guards (\OT1/pcr/m/n/12 A
uthGuard\OT1/ppl/m/n/12 ,
 []


Overfull \hbox (73.67049pt too wide) in paragraph at lines 198--199
\OT1/pcr/m/n/12 PendingGuard\OT1/ppl/m/n/12 ), global in-ter-cep-tors (\OT1/pcr
/m/n/12 AuthInterceptor\OT1/ppl/m/n/12 ), base ser-vices (\OT1/pcr/m/n/12 Theme
Service\OT1/ppl/m/n/12 ),
 []


Overfull \hbox (0.39734pt too wide) in paragraph at lines 202--203
[]\OT1/ppl/b/n/12 Features Layer (\OT1/pcr/b/n/12 /features\OT1/ppl/b/n/12 ): \
OT1/ppl/m/n/12 Con-tains the iso-lated func-tional mod-ules (Auth,
 []


Overfull \hbox (13.05594pt too wide) in paragraph at lines 202--203
\OT1/ppl/m/n/12 loaded at run-time when the cor-re-spond-ing URL path is re-que
sted by the browser,
 []


LaTeX Warning: `h' float specifier changed to `ht'.


Overfull \hbox (12.38565pt too wide) in paragraph at lines 254--255
\OT1/ppl/m/n/12 The back-end ap-pli-ca-tion is struc-tured around a lay-ered Mo
del-View-Controller (MVC)
 []


Package fancyhdr Warning: \headheight is too small (12.0pt): 
(fancyhdr)                Make it at least 14.49998pt, for example:
(fancyhdr)                \setlength{\headheight}{14.49998pt}.
(fancyhdr)                You might also make \topmargin smaller:
(fancyhdr)                \addtolength{\topmargin}{-2.49998pt}.

[20]

Package fancyhdr Warning: \headheight is too small (12.0pt): 
(fancyhdr)                Make it at least 14.49998pt, for example:
(fancyhdr)                \setlength{\headheight}{14.49998pt}.
(fancyhdr)                You might also make \topmargin smaller:
(fancyhdr)                \addtolength{\topmargin}{-2.49998pt}.

[21]
Overfull \hbox (1.26103pt too wide) in paragraph at lines 292--293
[]\OT1/ppl/b/n/12 Persistence Layer (Prisma ORM): \OT1/ppl/m/n/12 Ab-stracts da
tabase queries us-ing fully typed
 []


Overfull \hbox (4.38072pt too wide) in paragraph at lines 344--345
[]\OT1/pcr/b/n/12 User\OT1/ppl/b/n/12 : \OT1/ppl/m/n/12 The pri-mary en-tity, r
ep-re-sent-ing a res-i-dent. Con-tains pro-file info, hashed
 []


Overfull \hbox (4.71667pt too wide) in paragraph at lines 344--345
\OT1/ppl/m/n/12 cre-den-tials, role as-sign-ment, and ver-i-fi-ca-tion sta-tus.
 User pref-er-ences are stored
 []


Package fancyhdr Warning: \headheight is too small (12.0pt): 
(fancyhdr)                Make it at least 14.49998pt, for example:
(fancyhdr)                \setlength{\headheight}{14.49998pt}.
(fancyhdr)                You might also make \topmargin smaller:
(fancyhdr)                \addtolength{\topmargin}{-2.49998pt}.

[22]
Overfull \hbox (2.16144pt too wide) in paragraph at lines 348--349
[]\OT1/pcr/b/n/12 Event\OT1/ppl/b/n/12 : \OT1/ppl/m/n/12 Rep-re-sents a com-mu-
nity gath-er-ing, linked to the cre-ator (\OT1/pcr/m/n/12 creatorId\OT1/ppl/m/n
/12 ). 
 []


Overfull \hbox (2.16138pt too wide) in paragraph at lines 349--350
\OT1/ppl/m/n/12 ship be-tween users and events, with com-pos-ite pri-mary keys 
\OT1/pcr/m/n/12 @@id([userId,
 []


Overfull \hbox (22.26143pt too wide) in paragraph at lines 351--352
\OT1/ppl/m/n/12 track-ing bor-rower (\OT1/pcr/m/n/12 borrowerId\OT1/ppl/m/n/12 
), in-ter-vals, and sta-tus state tran-si-tions (\OT1/pcr/m/n/12 PENDING\OT1/pp
l/m/n/12 ,
 []


Overfull \hbox (14.02998pt too wide) in paragraph at lines 358--359
\OT1/ppl/m/n/12 REST prin-ci-ples [[]]. Mod-i-fy-ing end-points con-sume and pr
o-duce \OT1/pcr/m/n/12 application/json
 []


Overfull \hbox (28.60864pt too wide) in paragraph at lines 358--359
\OT1/ppl/m/n/12 pay-loads, and re-turn mean-ing-ful HTTP Sta-tus Codes: \OT1/pc
r/m/n/12 200 OK \OT1/ppl/m/n/12 for suc-cess-ful read/writes,
 []


Underfull \hbox (badness 10000) in paragraph at lines 390--390
[]|\OT1/ppl/b/n/8 Auth
 []


Overfull \hbox (4.16591pt too wide) in paragraph at lines 390--390
[]|\OT1/ppl/m/n/8 Anonymous| 
 []


Overfull \hbox (4.16591pt too wide) in paragraph at lines 390--390
[]|\OT1/ppl/m/n/8 Anonymous| 
 []


Underfull \hbox (badness 10000) in paragraph at lines 390--390
[]|\OT1/ppl/m/n/8 JWT (Un-
 []


Underfull \hbox (badness 10000) in paragraph at lines 390--390
[]|\OT1/ppl/m/n/8 JWT (Ad-
 []


Overfull \hbox (18.46089pt too wide) in paragraph at lines 390--390
[]|\OT1/pcr/m/n/8 /api/blocks/requests/:id|  
 []


Underfull \hbox (badness 10000) in paragraph at lines 390--390
[]|\OT1/ppl/m/n/8 JWT (Ad-
 []


Underfull \hbox (badness 1178) in paragraph at lines 390--390
[]|\OT1/ppl/m/n/8 JWT (Ver-i-
 []


Underfull \hbox (badness 1178) in paragraph at lines 390--390
[]|\OT1/ppl/m/n/8 JWT (Ver-i-
 []


Overfull \hbox (6.03773pt too wide) in paragraph at lines 390--390
[]|\OT1/pcr/m/n/8 DELETE|  
 []


Underfull \hbox (badness 10000) in paragraph at lines 390--390
[]|\OT1/ppl/m/n/8 JWT
 []


Overfull \hbox (20.10979pt too wide) in paragraph at lines 390--390
\OT1/ppl/m/n/8 (Owner/Admin)| 
 []


Underfull \hbox (badness 1178) in paragraph at lines 390--390
[]|\OT1/ppl/m/n/8 JWT (Ver-i-
 []


Underfull \hbox (badness 1178) in paragraph at lines 390--390
[]|\OT1/ppl/m/n/8 JWT (Ver-i-
 []


Underfull \hbox (badness 1178) in paragraph at lines 390--390
[]|\OT1/ppl/m/n/8 JWT (Ver-i-
 []


Overfull \hbox (28.0609pt too wide) in paragraph at lines 390--390
[]|\OT1/pcr/m/n/8 /api/shed/reservations/:id|  
 []


Underfull \hbox (badness 1178) in paragraph at lines 390--390
[]|\OT1/ppl/m/n/8 JWT (Ver-i-
 []


Underfull \hbox (badness 1178) in paragraph at lines 390--390
[]|\OT1/ppl/m/n/8 JWT (Ver-i-
 []


Underfull \hbox (badness 1178) in paragraph at lines 390--390
[]|\OT1/ppl/m/n/8 JWT (Ver-i-
 []


Overfull \hbox (8.86089pt too wide) in paragraph at lines 390--390
[]|\OT1/pcr/m/n/8 /api/events/:id/attend|  
 []


Underfull \hbox (badness 1178) in paragraph at lines 390--390
[]|\OT1/ppl/m/n/8 JWT (Ver-i-
 []


Overfull \hbox (28.0609pt too wide) in paragraph at lines 390--390
[]|\OT1/pcr/m/n/8 /api/parking/announcements|  
 []


Underfull \hbox (badness 1178) in paragraph at lines 390--390
[]|\OT1/ppl/m/n/8 JWT (Ver-i-
 []


Overfull \hbox (28.0609pt too wide) in paragraph at lines 390--390
[]|\OT1/pcr/m/n/8 /api/parking/announcements|  
 []


Underfull \hbox (badness 1178) in paragraph at lines 390--390
[]|\OT1/ppl/m/n/8 JWT (Ver-i-
 []


Overfull \hbox (8.86089pt too wide) in paragraph at lines 390--390
[]|\OT1/pcr/m/n/8 /api/parking/apply/:id|  
 []


Underfull \hbox (badness 1178) in paragraph at lines 390--390
[]|\OT1/ppl/m/n/8 JWT (Ver-i-
 []


Overfull \hbox (42.4609pt too wide) in paragraph at lines 390--390
[]|\OT1/pcr/m/n/8 /api/parking/applications/:id|  
 []


Underfull \hbox (badness 1178) in paragraph at lines 390--390
[]|\OT1/ppl/m/n/8 JWT (Ver-i-
 []


Underfull \hbox (badness 1178) in paragraph at lines 390--390
[]|\OT1/ppl/m/n/8 JWT (Ver-i-
 []


Overfull \hbox (8.86089pt too wide) in paragraph at lines 390--390
[]|\OT1/pcr/m/n/8 /api/users/preferences|  
 []


Underfull \hbox (badness 1178) in paragraph at lines 390--390
[]|\OT1/ppl/m/n/8 JWT (Ver-i-
 []

) (chapters/chapter4.tex

Package fancyhdr Warning: \headheight is too small (12.0pt): 
(fancyhdr)                Make it at least 14.49998pt, for example:
(fancyhdr)                \setlength{\headheight}{14.49998pt}.
(fancyhdr)                You might also make \topmargin smaller:
(fancyhdr)                \addtolength{\topmargin}{-2.49998pt}.

[23]

Package fancyhdr Warning: \headheight is too small (12.0pt): 
(fancyhdr)                Make it at least 14.49998pt, for example:
(fancyhdr)                \setlength{\headheight}{14.49998pt}.
(fancyhdr)                You might also make \topmargin smaller:
(fancyhdr)                \addtolength{\topmargin}{-2.49998pt}.

[24]
Chapter 4.

Overfull \hbox (6.15929pt too wide) in paragraph at lines 10--11
\OT1/ppl/m/n/12 fron-tend and back-end projects (e.g., \OT1/pcr/m/n/12 "strict"
: true\OT1/ppl/m/n/12 , \OT1/pcr/m/n/12 "noImplicitAny":
 []

[25

]
Overfull \hbox (6.24213pt too wide) in paragraph at lines 23--24
[]\OT1/pcr/m/n/12 /guards\OT1/ppl/m/n/12 : Houses route-activation logic, pre-v
ent-ing unau-then-ti-cated rout-
 []


Overfull \hbox (1.83965pt too wide) in paragraph at lines 23--24
\OT1/ppl/m/n/12 ing (\OT1/pcr/m/n/12 AuthGuard\OT1/ppl/m/n/12 ) or block-pendin
g rout-ing re-stric-tions (\OT1/pcr/m/n/12 PendingGuard\OT1/ppl/m/n/12 ). 
 []


Overfull \hbox (5.40016pt too wide) in paragraph at lines 34--35
\OT1/ppl/m/n/12 tain-ing rout-ing def-i-ni-tions, vi-sual page com-po-nents, an
d lo-cal sub-components. 
 []


Overfull \hbox (220.25394pt too wide) in paragraph at lines 40--41
\OT1/pcr/m/n/12 PageHeaderComponent \OT1/ppl/m/n/12 (\OT1/pcr/m/n/12 frontend/s
rc/app/shared/components/page-header/page-header.component.ts\OT1/ppl/m/n/12 ),

 []


Package fancyhdr Warning: \headheight is too small (12.0pt): 
(fancyhdr)                Make it at least 14.49998pt, for example:
(fancyhdr)                \setlength{\headheight}{14.49998pt}.
(fancyhdr)                You might also make \topmargin smaller:
(fancyhdr)                \addtolength{\topmargin}{-2.49998pt}.

[26]
Package hyperref Info: bookmark level for unknown lstlisting defaults to 0 on i
nput line 42.


Package fancyhdr Warning: \headheight is too small (12.0pt): 
(fancyhdr)                Make it at least 14.49998pt, for example:
(fancyhdr)                \setlength{\headheight}{14.49998pt}.
(fancyhdr)                You might also make \topmargin smaller:
(fancyhdr)                \addtolength{\topmargin}{-2.49998pt}.

[27]

Package fancyhdr Warning: \headheight is too small (12.0pt): 
(fancyhdr)                Make it at least 14.49998pt, for example:
(fancyhdr)                \setlength{\headheight}{14.49998pt}.
(fancyhdr)                You might also make \topmargin smaller:
(fancyhdr)                \addtolength{\topmargin}{-2.49998pt}.

[28]

Package fancyhdr Warning: \headheight is too small (12.0pt): 
(fancyhdr)                Make it at least 14.49998pt, for example:
(fancyhdr)                \setlength{\headheight}{14.49998pt}.
(fancyhdr)                You might also make \topmargin smaller:
(fancyhdr)                \addtolength{\topmargin}{-2.49998pt}.

[29]
Overfull \hbox (11.02994pt too wide) in paragraph at lines 165--166
[]\OT1/ppl/b/n/12 Simplified Com-po-nent In-jec-tion: \OT1/ppl/m/n/12 Com-po-ne
nts only need to in-ject \OT1/pcr/m/n/12 AuthFacade
 []


Package fancyhdr Warning: \headheight is too small (12.0pt): 
(fancyhdr)                Make it at least 14.49998pt, for example:
(fancyhdr)                \setlength{\headheight}{14.49998pt}.
(fancyhdr)                You might also make \topmargin smaller:
(fancyhdr)                \addtolength{\topmargin}{-2.49998pt}.

[30]
Overfull \hbox (11.97717pt too wide) in paragraph at lines 180--181
[]\OT1/ppl/b/n/12 Session Ac-ti-va-tion: \OT1/ppl/m/n/12 Upon ap-proval, the us
er's sta-tus tran-si-tions to \OT1/pcr/m/n/12 isVerified
 []


LaTeX Warning: `h' float specifier changed to `ht'.


Package fancyhdr Warning: \headheight is too small (12.0pt): 
(fancyhdr)                Make it at least 14.49998pt, for example:
(fancyhdr)                \setlength{\headheight}{14.49998pt}.
(fancyhdr)                You might also make \topmargin smaller:
(fancyhdr)                \addtolength{\topmargin}{-2.49998pt}.

[31]

Package fancyhdr Warning: \headheight is too small (12.0pt): 
(fancyhdr)                Make it at least 14.49998pt, for example:
(fancyhdr)                \setlength{\headheight}{14.49998pt}.
(fancyhdr)                You might also make \topmargin smaller:
(fancyhdr)                \addtolength{\topmargin}{-2.49998pt}.

[32]
Overfull \hbox (10.45341pt too wide) in paragraph at lines 248--249
[]\OT1/ppl/b/n/12 Application Ap-proval: \OT1/ppl/m/n/12 When an owner ap-prove
s a spe-cific ap-pli-ca-tion (\OT1/pcr/m/n/12 status
 []


Overfull \hbox (195.1582pt too wide) in paragraph at lines 253--254
\OT1/ppl/m/n/12 are de-fined us-ing CSS Cus-tom Prop-er-ties (Vari-ables) in-si
de the \OT1/pcr/m/n/12 frontend/src/app/shared/styles/[]colors.scss
 []


Package fancyhdr Warning: \headheight is too small (12.0pt): 
(fancyhdr)                Make it at least 14.49998pt, for example:
(fancyhdr)                \setlength{\headheight}{14.49998pt}.
(fancyhdr)                You might also make \topmargin smaller:
(fancyhdr)                \addtolength{\topmargin}{-2.49998pt}.

[33]
Overfull \hbox (275.95207pt too wide) in paragraph at lines 279--280
[]\OT1/ppl/m/n/12 Theme switch-ing is man-aged re-ac-tively via the \OT1/pcr/m/
n/12 ThemeService \OT1/ppl/m/n/12 (\OT1/pcr/m/n/12 frontend/src/app/shared/serv
ices/theme.service.ts\OT1/ppl/m/n/12 ).
 []


Overfull \hbox (98.27118pt too wide) in paragraph at lines 303--304
\OT1/ppl/m/n/12 hex col-ors. In-stead, they ref-er-ence se-man-tic to-kens (e.g
., \OT1/pcr/m/n/12 color: var(--color-text-primary)\OT1/ppl/m/n/12 ).
 []


Package fancyhdr Warning: \headheight is too small (12.0pt): 
(fancyhdr)                Make it at least 14.49998pt, for example:
(fancyhdr)                \setlength{\headheight}{14.49998pt}.
(fancyhdr)                You might also make \topmargin smaller:
(fancyhdr)                \addtolength{\topmargin}{-2.49998pt}.

[34]

Package fancyhdr Warning: \headheight is too small (12.0pt): 
(fancyhdr)                Make it at least 14.49998pt, for example:
(fancyhdr)                \setlength{\headheight}{14.49998pt}.
(fancyhdr)                You might also make \topmargin smaller:
(fancyhdr)                \addtolength{\topmargin}{-2.49998pt}.

[35]
Overfull \hbox (111.11218pt too wide) in paragraph at lines 360--361
[]\OT1/ppl/b/n/12 General Se-cu-rity: \OT1/pcr/m/n/12 router.get('/feed', requi
reAuthentication, requireVerified,
 []


Overfull \hbox (141.61539pt too wide) in paragraph at lines 361--362
[]\OT1/ppl/b/n/12 Administrative Re-stric-tions: \OT1/pcr/m/n/12 router.put('/a
dmin/approve/:id', requireAuthentication,
 []


Overfull \hbox (4.34793pt too wide) in paragraph at lines 361--362
\OT1/pcr/m/n/12 requireAdminRole, adminController.approveUser) \OT1/ppl/m/n/12 
re-stricts ad-min-
 []

) (chapters/chapter5_testing_validation.tex

Package fancyhdr Warning: \headheight is too small (12.0pt): 
(fancyhdr)                Make it at least 14.49998pt, for example:
(fancyhdr)                \setlength{\headheight}{14.49998pt}.
(fancyhdr)                You might also make \topmargin smaller:
(fancyhdr)                \addtolength{\topmargin}{-2.49998pt}.

[36]
Chapter 5.

Overfull \hbox (2.90546pt too wide) in paragraph at lines 12--13
[]\OT1/ppl/b/n/12 Cross-Device and Re-spon-sive Com-pat-i-bil-ity: \OT1/ppl/m/n
/12 As-sesses pre-sen-ta-tion layer per-
 []

[37

]
Overfull \hbox (2.20796pt too wide) in paragraph at lines 22--23
\OT1/ppl/m/n/12 pen-den-cies, pro-cesses SCSS vari-ables, and gen-er-ates op-ti
-mized JavaScript bun-
 []


Overfull \hbox (2.6403pt too wide) in paragraph at lines 49--49
[]|\OT1/ppl/m/n/8 **Passed**| 
 []


Overfull \hbox (2.6403pt too wide) in paragraph at lines 49--49
[]|\OT1/ppl/m/n/8 **Passed**| 
 []


Overfull \hbox (2.6403pt too wide) in paragraph at lines 49--49
[]|\OT1/ppl/m/n/8 **Passed**| 
 []


Overfull \hbox (2.6403pt too wide) in paragraph at lines 49--49
[]|\OT1/ppl/m/n/8 **Passed**| 
 []


Overfull \hbox (2.6403pt too wide) in paragraph at lines 49--49
[]|\OT1/ppl/m/n/8 **Passed**| 
 []


Overfull \hbox (2.6403pt too wide) in paragraph at lines 49--49
[]|\OT1/ppl/m/n/8 **Passed**| 
 []


Overfull \hbox (2.6403pt too wide) in paragraph at lines 49--49
[]|\OT1/ppl/m/n/8 **Passed**| 
 []


Overfull \hbox (2.6403pt too wide) in paragraph at lines 49--49
[]|\OT1/ppl/m/n/8 **Passed**| 
 []


Package fancyhdr Warning: \headheight is too small (12.0pt): 
(fancyhdr)                Make it at least 14.49998pt, for example:
(fancyhdr)                \setlength{\headheight}{14.49998pt}.
(fancyhdr)                You might also make \topmargin smaller:
(fancyhdr)                \addtolength{\topmargin}{-2.49998pt}.

[38]
Overfull \hbox (18.85582pt too wide) in paragraph at lines 72--74
\OT1/ppl/m/n/12 sta-tus and the er-ror: \OMS/cmsy/m/n/12 f\OT1/pcr/m/n/12 "erro
r": "Account not yet verified by block
 []


Package fancyhdr Warning: \headheight is too small (12.0pt): 
(fancyhdr)                Make it at least 14.49998pt, for example:
(fancyhdr)                \setlength{\headheight}{14.49998pt}.
(fancyhdr)                You might also make \topmargin smaller:
(fancyhdr)                \addtolength{\topmargin}{-2.49998pt}.

[39]) (chapters/chapter6_conclusions.tex

Package fancyhdr Warning: \headheight is too small (12.0pt): 
(fancyhdr)                Make it at least 14.49998pt, for example:
(fancyhdr)                \setlength{\headheight}{14.49998pt}.
(fancyhdr)                You might also make \topmargin smaller:
(fancyhdr)                \addtolength{\topmargin}{-2.49998pt}.

[40]
Chapter 6.
[41

]
Overfull \hbox (0.63625pt too wide) in paragraph at lines 19--20
\OT1/ppl/m/n/12 lar change de-tec-tion to re-ac-tive Sig-nal APIs sim-pli-fied 
com-po-nent state. Mono-
 []


Overfull \hbox (0.49178pt too wide) in paragraph at lines 21--22
\OT1/ppl/m/n/12 struc-tured color to-ken sheet sim-pli-fied lay-out de-vel-op-m
ent. Com-po-nent styles
 []


Package fancyhdr Warning: \headheight is too small (12.0pt): 
(fancyhdr)                Make it at least 14.49998pt, for example:
(fancyhdr)                \setlength{\headheight}{14.49998pt}.
(fancyhdr)                You might also make \topmargin smaller:
(fancyhdr)                \addtolength{\topmargin}{-2.49998pt}.

[42]) (main.bbl

Package fancyhdr Warning: \headheight is too small (12.0pt): 
(fancyhdr)                Make it at least 14.49998pt, for example:
(fancyhdr)                \setlength{\headheight}{14.49998pt}.
(fancyhdr)                You might also make \topmargin smaller:
(fancyhdr)                \addtolength{\topmargin}{-2.49998pt}.

[43] [44

]
Underfull \hbox (badness 1383) in paragraph at lines 99--105
[]\OT1/ppl/m/n/12 MDN Web Docs.  Us-ing CSS Cus-tom Prop-er-ties (Vari-ables). 
 []$\OT1/pcr/m/n/12 https :
 []


Underfull \hbox (badness 10000) in paragraph at lines 99--105
\OT1/pcr/m/n/12 / / developer . mozilla . org / en-[]US / docs / Web / CSS / Us
ing _ CSS _
 []

)

Package fancyhdr Warning: \headheight is too small (12.0pt): 
(fancyhdr)                Make it at least 14.49998pt, for example:
(fancyhdr)                \setlength{\headheight}{14.49998pt}.
(fancyhdr)                You might also make \topmargin smaller:
(fancyhdr)                \addtolength{\topmargin}{-2.49998pt}.

[45] (main.aux)
 ***********
LaTeX2e <2025-11-01>
L3 programming layer <2026-01-19>
 ***********
Package rerunfilecheck Info: File `main.out' has not changed.
(rerunfilecheck)             Checksum: B592AAEFEDF0E09B78159C17D2128C3F;13812.
 ) 
Here is how much of TeX's memory you used:
 14843 strings out of 467867
 231843 string characters out of 5418334
 760292 words of memory out of 5000000
 43026 multiletter control sequences out of 15000+600000
 651217 words of font info for 99 fonts, out of 8000000 for 9000
 1141 hyphenation exceptions out of 8191
 90i,12n,93p,727b,2036s stack positions out of 10000i,1000n,20000p,200000b,200000s
<C:/Users/bogda/AppData/Local/Programs/MiKTeX/fonts/type1/public/amsfonts/cm/
cmmi12.pfb><C:/Users/bogda/AppData/Local/Programs/MiKTeX/fonts/type1/public/ams
fonts/cm/cmr12.pfb><C:/Users/bogda/AppData/Local/Programs/MiKTeX/fonts/type1/pu
blic/amsfonts/cm/cmsy10.pfb><C:/Users/bogda/AppData/Local/Programs/MiKTeX/fonts
/type1/public/amsfonts/cm/cmsy8.pfb><C:/Users/bogda/AppData/Local/Programs/MiKT
eX/fonts/type1/public/amsfonts/latxfont/line10.pfb><C:/Users/bogda/AppData/Loca
l/Programs/MiKTeX/fonts/type1/urw/courier/ucrb8a.pfb><C:/Users/bogda/AppData/Lo
cal/Programs/MiKTeX/fonts/type1/urw/courier/ucrr8a.pfb><C:/Users/bogda/AppData/
Local/Programs/MiKTeX/fonts/type1/urw/palatino/uplb8a.pfb><C:/Users/bogda/AppDa
ta/Local/Programs/MiKTeX/fonts/type1/urw/palatino/uplr8a.pfb><C:/Users/bogda/Ap
pData/Local/Programs/MiKTeX/fonts/type1/urw/palatino/uplr8a.pfb><C:/Users/bogda
/AppData/Local/Programs/MiKTeX/fonts/type1/urw/palatino/uplri8a.pfb>
Output written on main.pdf (50 pages, 389857 bytes).
PDF statistics:
 1094 PDF objects out of 1200 (max. 8388607)
 466 named destinations out of 1000 (max. 500000)
 513 words of extra memory for PDF output out of 10000 (max. 10000000)

